Source: flutter-test.log; final source, generated during the complete 320-test run
Captured surfaces: 210
Capture today dark 320.0
Capture today dark 800.0
Capture today dark 1876.0
Capture today light 320.0
Capture today light 800.0
Capture today light 1876.0
Capture tasks_all dark 320.0
Capture tasks_all dark 800.0
Capture tasks_all dark 1876.0
Capture tasks_all light 320.0
Capture tasks_all light 800.0
Capture tasks_all light 1876.0
Capture tasks_inbox dark 320.0
Capture tasks_inbox dark 800.0
Capture tasks_inbox dark 1876.0
Capture tasks_inbox light 320.0
Capture tasks_inbox light 800.0
Capture tasks_inbox light 1876.0
Capture tasks_week dark 320.0
Capture tasks_week dark 800.0
Capture tasks_week dark 1876.0
Capture tasks_week light 320.0
Capture tasks_week light 800.0
Capture tasks_week light 1876.0
Capture tasks_groups dark 320.0
Capture tasks_groups dark 800.0
Capture tasks_groups dark 1876.0
Capture tasks_groups light 320.0
Capture tasks_groups light 800.0
Capture tasks_groups light 1876.0
Capture projects_overview dark 320.0
Capture projects_overview dark 800.0
Capture projects_overview dark 1876.0
Capture projects_overview light 320.0
Capture projects_overview light 800.0
Capture projects_overview light 1876.0
Capture projects_tasks dark 320.0
Capture projects_tasks dark 800.0
Capture projects_tasks dark 1876.0
Capture projects_tasks light 320.0
Capture projects_tasks light 800.0
Capture projects_tasks light 1876.0
Capture projects_groups dark 320.0
Capture projects_groups dark 800.0
Capture projects_groups dark 1876.0
Capture projects_groups light 320.0
Capture projects_groups light 800.0
Capture projects_groups light 1876.0
Capture projects_milestones dark 320.0
Capture projects_milestones dark 800.0
Capture projects_milestones dark 1876.0
Capture projects_milestones light 320.0
Capture projects_milestones light 800.0
Capture projects_milestones light 1876.0
Capture projects_notes dark 320.0
Capture projects_notes dark 800.0
Capture projects_notes dark 1876.0
Capture projects_notes light 320.0
Capture projects_notes light 800.0
Capture projects_notes light 1876.0
Capture focus_hub dark 320.0
Capture focus_hub dark 800.0
Capture focus_hub dark 1876.0
Capture focus_hub light 320.0
Capture focus_hub light 800.0
Capture focus_hub light 1876.0
Capture focus_session dark 320.0
Capture focus_session dark 800.0
Capture focus_session dark 1876.0
Capture focus_session light 320.0
Capture focus_session light 800.0
Capture focus_session light 1876.0
Capture restriction dark 320.0
Capture restriction dark 800.0
Capture restriction dark 1876.0
Capture restriction light 320.0
Capture restriction light 800.0
Capture restriction light 1876.0
Capture notes dark 320.0
Capture notes dark 800.0
Capture notes dark 1876.0
Capture notes light 320.0
Capture notes light 800.0
Capture notes light 1876.0
Capture review_diary dark 320.0
Capture review_diary dark 800.0
Capture review_diary dark 1876.0
Capture review_diary light 320.0
Capture review_diary light 800.0
Capture review_diary light 1876.0
Capture review_weekly dark 320.0
Capture review_weekly dark 800.0
Capture review_weekly dark 1876.0
Capture review_weekly light 320.0
Capture review_weekly light 800.0
Capture review_weekly light 1876.0
Capture review_monthly dark 320.0
Capture review_monthly dark 800.0
Capture review_monthly dark 1876.0
Capture review_monthly light 320.0
Capture review_monthly light 800.0
Capture review_monthly light 1876.0
Capture goals dark 320.0
Capture goals dark 800.0
Capture goals dark 1876.0
Capture goals light 320.0
Capture goals light 800.0
Capture goals light 1876.0
Capture habits dark 320.0
Capture habits dark 800.0
Capture habits dark 1876.0
Capture habits light 320.0
Capture habits light 800.0
Capture habits light 1876.0
Capture behavior_habits dark 320.0
Capture behavior_habits dark 800.0
Capture behavior_habits dark 1876.0
Capture behavior_habits light 320.0
Capture behavior_habits light 800.0
Capture behavior_habits light 1876.0
Capture behavior_policies_tree dark 320.0
Capture behavior_policies_tree dark 800.0
Capture behavior_policies_tree dark 1876.0
Capture behavior_policies_tree light 320.0
Capture behavior_policies_tree light 800.0
Capture behavior_policies_tree light 1876.0
Capture behavior_policies_library dark 320.0
Capture behavior_policies_library dark 800.0
Capture behavior_policies_library dark 1876.0
Capture behavior_policies_library light 320.0
Capture behavior_policies_library light 800.0
Capture behavior_policies_library light 1876.0
Capture behavior_policies_history dark 320.0
Capture behavior_policies_history dark 800.0
Capture behavior_policies_history dark 1876.0
Capture behavior_policies_history light 320.0
Capture behavior_policies_history light 800.0
Capture behavior_policies_history light 1876.0
Capture behavior_policies_analytics dark 320.0
Capture behavior_policies_analytics dark 800.0
Capture behavior_policies_analytics dark 1876.0
Capture behavior_policies_analytics light 320.0
Capture behavior_policies_analytics light 800.0
Capture behavior_policies_analytics light 1876.0
Capture policies_tree dark 320.0
Capture policies_tree dark 800.0
Capture policies_tree dark 1876.0
Capture policies_tree light 320.0
Capture policies_tree light 800.0
Capture policies_tree light 1876.0
Capture policies_library dark 320.0
Capture policies_library dark 800.0
Capture policies_library dark 1876.0
Capture policies_library light 320.0
Capture policies_library light 800.0
Capture policies_library light 1876.0
Capture policies_history dark 320.0
Capture policies_history dark 800.0
Capture policies_history dark 1876.0
Capture policies_history light 320.0
Capture policies_history light 800.0
Capture policies_history light 1876.0
Capture policies_analytics dark 320.0
Capture policies_analytics dark 800.0
Capture policies_analytics dark 1876.0
Capture policies_analytics light 320.0
Capture policies_analytics light 800.0
Capture policies_analytics light 1876.0
Capture legacy_protocols_goals dark 320.0
Capture legacy_protocols_goals dark 800.0
Capture legacy_protocols_goals dark 1876.0
Capture legacy_protocols_goals light 320.0
Capture legacy_protocols_goals light 800.0
Capture legacy_protocols_goals light 1876.0
Capture legacy_protocols_habits dark 320.0
Capture legacy_protocols_habits dark 800.0
Capture legacy_protocols_habits dark 1876.0
Capture legacy_protocols_habits light 320.0
Capture legacy_protocols_habits light 800.0
Capture legacy_protocols_habits light 1876.0
Capture legacy_protocols_execution dark 320.0
Capture legacy_protocols_execution dark 800.0
Capture legacy_protocols_execution dark 1876.0
Capture legacy_protocols_execution light 320.0
Capture legacy_protocols_execution light 800.0
Capture legacy_protocols_execution light 1876.0
Capture legacy_protocols_rules dark 320.0
Capture legacy_protocols_rules dark 800.0
Capture legacy_protocols_rules dark 1876.0
Capture legacy_protocols_rules light 320.0
Capture legacy_protocols_rules light 800.0
Capture legacy_protocols_rules light 1876.0
Capture legacy_protocols_analytics dark 320.0
Capture legacy_protocols_analytics dark 800.0
Capture legacy_protocols_analytics dark 1876.0
Capture legacy_protocols_analytics light 320.0
Capture legacy_protocols_analytics light 800.0
Capture legacy_protocols_analytics light 1876.0
Capture growth dark 320.0
Capture growth dark 800.0
Capture growth dark 1876.0
Capture growth light 320.0
Capture growth light 800.0
Capture growth light 1876.0
Capture settings dark 320.0
Capture settings dark 800.0
Capture settings dark 1876.0
Capture settings light 320.0
Capture settings light 800.0
Capture settings light 1876.0
